time=2026-08-20T16:06:06.373-03:00 level=INFO msg="database pools ready"
time=2026-08-20T16:06:06.377-03:00 level=WARN msg="outbound mail goes to the log, not to a recipient" provider=console
[GIN-debug] [WARNING] Running in "debug" mode. Switch to "release" mode in production.
 - using env:	export GIN_MODE=release
 - using code:	gin.SetMode(gin.ReleaseMode)

[GIN-debug] GET    /health                   --> github.com/santialemarino/coti/apps/api/internal/delivery/http/handler.(*HealthHandler).Live-fm (4 handlers)
[GIN-debug] GET    /ready                    --> github.com/santialemarino/coti/apps/api/internal/delivery/http/handler.(*HealthHandler).Ready-fm (4 handlers)
[GIN-debug] GET    /swagger/*any             --> github.com/swaggo/gin-swagger.CustomWrapHandler.func1 (4 handlers)
[GIN-debug] POST   /v1/public/auth/login     --> github.com/santialemarino/coti/apps/api/internal/delivery/http/handler.(*AuthHandler).Login-fm (7 handlers)
[GIN-debug] POST   /v1/public/auth/refresh   --> github.com/santialemarino/coti/apps/api/internal/delivery/http/handler.(*AuthHandler).Refresh-fm (6 handlers)
[GIN-debug] POST   /v1/public/auth/forgot-password --> github.com/santialemarino/coti/apps/api/internal/delivery/http/handler.(*PasswordHandler).Forgot-fm (7 handlers)
[GIN-debug] POST   /v1/public/auth/reset-password --> github.com/santialemarino/coti/apps/api/internal/delivery/http/handler.(*PasswordHandler).Reset-fm (7 handlers)
[GIN-debug] POST   /v1/public/auth/verify-email --> github.com/santialemarino/coti/apps/api/internal/delivery/http/handler.(*VerificationHandler).Confirm-fm (7 handlers)
[GIN-debug] POST   /v1/public/auth/resend-verification --> github.com/santialemarino/coti/apps/api/internal/delivery/http/handler.(*VerificationHandler).Resend-fm (7 handlers)
[GIN-debug] POST   /v1/public/accounts       --> github.com/santialemarino/coti/apps/api/internal/delivery/http/handler.(*AccountHandler).Register-fm (7 handlers)
[GIN-debug] POST   /v1/auth/logout           --> github.com/santialemarino/coti/apps/api/internal/delivery/http/handler.(*AuthHandler).Logout-fm (7 handlers)
[GIN-debug] POST   /v1/auth/change-password  --> github.com/santialemarino/coti/apps/api/internal/delivery/http/handler.(*PasswordHandler).Change-fm (7 handlers)
[GIN-debug] GET    /v1/me                    --> github.com/santialemarino/coti/apps/api/internal/delivery/http/handler.(*UserHandler).Me-fm (7 handlers)
[GIN-debug] GET    /v1/account               --> github.com/santialemarino/coti/apps/api/internal/delivery/http/handler.(*AccountHandler).Get-fm (7 handlers)
[GIN-debug] PUT    /v1/account               --> github.com/santialemarino/coti/apps/api/internal/delivery/http/handler.(*AccountHandler).Update-fm (8 handlers)
[GIN-debug] GET    /v1/branches              --> github.com/santialemarino/coti/apps/api/internal/delivery/http/handler.(*BranchHandler).List-fm (7 handlers)
[GIN-debug] POST   /v1/branches              --> github.com/santialemarino/coti/apps/api/internal/delivery/http/handler.(*BranchHandler).Create-fm (8 handlers)
[GIN-debug] PUT    /v1/branches/:branchId    --> github.com/santialemarino/coti/apps/api/internal/delivery/http/handler.(*BranchHandler).Update-fm (8 handlers)
[GIN-debug] DELETE /v1/branches/:branchId    --> github.com/santialemarino/coti/apps/api/internal/delivery/http/handler.(*BranchHandler).Delete-fm (8 handlers)
[GIN-debug] GET    /v1/rfqs                  --> github.com/santialemarino/coti/apps/api/internal/delivery/http/handler.(*RfqHandler).List-fm (7 handlers)
[GIN-debug] POST   /v1/rfqs                  --> github.com/santialemarino/coti/apps/api/internal/delivery/http/handler.(*RfqHandler).Create-fm (7 handlers)
[GIN-debug] GET    /v1/product-prices/export --> github.com/santialemarino/coti/apps/api/internal/delivery/http/handler.(*ProductPriceHandler).Export-fm (8 handlers)
[GIN-debug] POST   /v1/product-prices/import/preview --> github.com/santialemarino/coti/apps/api/internal/delivery/http/handler.(*ProductPriceHandler).PreviewImport-fm (8 handlers)
[GIN-debug] POST   /v1/product-prices/import/confirm --> github.com/santialemarino/coti/apps/api/internal/delivery/http/handler.(*ProductPriceHandler).ConfirmImport-fm (8 handlers)
[GIN-debug] GET    /v1/products/export       --> github.com/santialemarino/coti/apps/api/internal/delivery/http/handler.(*CatalogImportHandler).Export-fm (8 handlers)
[GIN-debug] POST   /v1/products/import/preview --> github.com/santialemarino/coti/apps/api/internal/delivery/http/handler.(*CatalogImportHandler).Preview-fm (8 handlers)
[GIN-debug] POST   /v1/products/import/confirm --> github.com/santialemarino/coti/apps/api/internal/delivery/http/handler.(*CatalogImportHandler).Confirm-fm (8 handlers)
[GIN-debug] GET    /v1/users                 --> github.com/santialemarino/coti/apps/api/internal/delivery/http/handler.(*UserHandler).List-fm (8 handlers)
[GIN-debug] POST   /v1/users                 --> github.com/santialemarino/coti/apps/api/internal/delivery/http/handler.(*UserHandler).Create-fm (8 handlers)
[GIN-debug] GET    /v1/users/:userId         --> github.com/santialemarino/coti/apps/api/internal/delivery/http/handler.(*UserHandler).Get-fm (8 handlers)
[GIN-debug] PUT    /v1/users/:userId         --> github.com/santialemarino/coti/apps/api/internal/delivery/http/handler.(*UserHandler).Update-fm (8 handlers)
[GIN-debug] DELETE /v1/users/:userId         --> github.com/santialemarino/coti/apps/api/internal/delivery/http/handler.(*UserHandler).Delete-fm (8 handlers)
[GIN-debug] POST   /v1/users/:userId/password-reset --> github.com/santialemarino/coti/apps/api/internal/delivery/http/handler.(*PasswordHandler).AdminReset-fm (9 handlers)
[GIN-debug] GET    /v1/products              --> github.com/santialemarino/coti/apps/api/internal/delivery/http/handler.(*ProductHandler).List-fm (7 handlers)
[GIN-debug] POST   /v1/products              --> github.com/santialemarino/coti/apps/api/internal/delivery/http/handler.(*ProductHandler).Create-fm (7 handlers)
[GIN-debug] GET    /v1/products/:productId   --> github.com/santialemarino/coti/apps/api/internal/delivery/http/handler.(*ProductHandler).Get-fm (7 handlers)
[GIN-debug] PUT    /v1/products/:productId   --> github.com/santialemarino/coti/apps/api/internal/delivery/http/handler.(*ProductHandler).Update-fm (7 handlers)
[GIN-debug] DELETE /v1/products/:productId   --> github.com/santialemarino/coti/apps/api/internal/delivery/http/handler.(*ProductHandler).Delete-fm (7 handlers)
[GIN-debug] GET    /v1/products/:productId/synonyms --> github.com/santialemarino/coti/apps/api/internal/delivery/http/handler.(*ProductHandler).ListSynonyms-fm (7 handlers)
[GIN-debug] POST   /v1/products/:productId/synonyms --> github.com/santialemarino/coti/apps/api/internal/delivery/http/handler.(*ProductHandler).AddSynonym-fm (7 handlers)
[GIN-debug] DELETE /v1/products/:productId/synonyms/:synonymId --> github.com/santialemarino/coti/apps/api/internal/delivery/http/handler.(*ProductHandler).RemoveSynonym-fm (7 handlers)
[GIN-debug] GET    /v1/products/:productId/alternatives --> github.com/santialemarino/coti/apps/api/internal/delivery/http/handler.(*ProductHandler).ListAlternatives-fm (7 handlers)
[GIN-debug] POST   /v1/products/:productId/alternatives --> github.com/santialemarino/coti/apps/api/internal/delivery/http/handler.(*ProductHandler).AddAlternative-fm (7 handlers)
[GIN-debug] DELETE /v1/products/:productId/alternatives/:alternativeId --> github.com/santialemarino/coti/apps/api/internal/delivery/http/handler.(*ProductHandler).RemoveAlternative-fm (7 handlers)
[GIN-debug] GET    /v1/products/:productId/availability --> github.com/santialemarino/coti/apps/api/internal/delivery/http/handler.(*BranchCatalogHandler).ListAvailability-fm (7 handlers)
[GIN-debug] PUT    /v1/products/:productId/availability --> github.com/santialemarino/coti/apps/api/internal/delivery/http/handler.(*BranchCatalogHandler).SetAvailability-fm (7 handlers)
[GIN-debug] GET    /v1/products/:productId/prices --> github.com/santialemarino/coti/apps/api/internal/delivery/http/handler.(*BranchCatalogHandler).ListPrices-fm (7 handlers)
[GIN-debug] POST   /v1/products/:productId/prices --> github.com/santialemarino/coti/apps/api/internal/delivery/http/handler.(*BranchCatalogHandler).SetPrice-fm (7 handlers)
time=2026-08-20T16:06:06.390-03:00 level=INFO msg="api listening" port=8000 environment=development
